// Jest Snapshot v1, https://goo.gl/fbAQLP

exports[`LoginPage Snap shot" 1`] = `
<div
  className="login"
>
  <div
    className="login__image-section"
  >
    <div
      className="login__iphone-header"
    >
      <div
        className="login__iphone-image"
      >
        <img
          alt=""
          className="RP4i1 JtrJi "
          src="https://www.instagram.com/static/images/homepage/screenshot1.jpg/d6bf0c928b5a.jpg"
        />
      </div>
    </div>
    <div
      className="login__section"
    >
      <div
        className="login__container"
      >
        <div
          className="login__form"
        >
          <div
            className="login__header"
          >
            <h1
              className="login__header-img login__header-text"
            >
              Instagram
            </h1>
          </div>
          <form>
            <div
              className="login__username"
            >
              <label>
                <input
                  className="login__username-text"
                  id="username"
                  name="name"
                  onChange={[Function]}
                  placeholder="Phone number, username, or email"
                  type="text"
                />
              </label>
            </div>
            <div
              className="login__password"
            >
              <label
                className="login__password-label"
              >
                <input
                  className="login__password-text"
                  name="name"
                  onChange={[Function]}
                  placeholder="Password"
                  type="password"
                />
              </label>
            </div>
            <div
              className="login__submit"
            >
              <label>
                <button
                  aria-label={null}
                  className="login__submit-btn login__submit-btn-active btn btn-secondary"
                  disabled={false}
                  onClick={[Function]}
                  type="button"
                >
                  Login In
                </button>
              </label>
            </div>
          </form>
          <div
            className="login__forget"
          >
            <div
              className="login__line"
            >
              <div
                className="login__line-abstract"
              />
              <div
                className="login__text-or"
              >
                or
              </div>
              <div
                className="login__line-abstract"
              />
            </div>
            <div
              className="login__forget-text"
            >
              Forgot password?
            </div>
          </div>
        </div>
        <div
          className="login__signup"
        >
          <p>
            Don't have an account? Sign up
          </p>
        </div>
      </div>
    </div>
  </div>
</div>
`;

exports[`With React Testing Library Shows "Hello world!" 1`] = `
<div
  className="login"
>
  <div
    className="login__image-section"
  >
    <div
      className="login__iphone-header"
    >
      <div
        className="login__iphone-image"
      >
        <img
          alt=""
          className="RP4i1 JtrJi "
          src="https://www.instagram.com/static/images/homepage/screenshot1.jpg/d6bf0c928b5a.jpg"
        />
      </div>
    </div>
    <div
      className="login__section"
    >
      <div
        className="login__container"
      >
        <div
          className="login__form"
        >
          <div
            className="login__header"
          >
            <h1
              className="login__header-img login__header-text"
            >
              Instagram
            </h1>
          </div>
          <form>
            <div
              className="login__username"
            >
              <label>
                <input
                  className="login__username-text"
                  id="username"
                  name="name"
                  onChange={[Function]}
                  placeholder="Phone number, username, or email"
                  type="text"
                />
              </label>
            </div>
            <div
              className="login__password"
            >
              <label
                className="login__password-label"
              >
                <input
                  className="login__password-text"
                  name="name"
                  onChange={[Function]}
                  placeholder="Password"
                  type="password"
                />
              </label>
            </div>
            <div
              className="login__submit"
            >
              <label>
                <button
                  aria-label={null}
                  className="login__submit-btn login__submit-btn-active btn btn-secondary"
                  disabled={false}
                  onClick={[Function]}
                  type="button"
                >
                  Login In
                </button>
              </label>
            </div>
          </form>
          <div
            className="login__forget"
          >
            <div
              className="login__line"
            >
              <div
                className="login__line-abstract"
              />
              <div
                className="login__text-or"
              >
                or
              </div>
              <div
                className="login__line-abstract"
              />
            </div>
            <div
              className="login__forget-text"
            >
              Forgot password?
            </div>
          </div>
        </div>
        <div
          className="login__signup"
        >
          <p>
            Don't have an account? Sign up
          </p>
        </div>
      </div>
    </div>
  </div>
</div>
`;
